// Jest Snapshot v1, https://goo.gl/fbAQLP

exports[`Tags List component renders as expected 1`] = `
<div>
  <code>
    js 
  </code>
  <code>
    haskell 
  </code>
  <code>
    go 
  </code>
</div>
`;
